// Vitest Snapshot v1, https://vitest.dev/guide/snapshot.html

exports[`sum > 测试快照 1`] = `3`;
